---
source: src/cli/monitor/tests.rs
expression: output
---
┌──────────────────────────────────────────────────────────────────────────────┐
└──────────────────────────────────────────────────────────────────────────────┘
                                                                                
 ┌ 5h | warning ──────────────────────────────────────────────────────────────┐ 
 └────────────────────────────────────────────────────────────────────────────┘ 
 cr 39/50 (78%)                                                                 
                                                                                
                                                                                
 ┌ 24h | ok ──────────────────────────────────────────────────────────────────┐ 
 cr 91/180 (51%)                                                                
                                                                                
                                                                                
 ┌ 7d | ok ───────────────────────────────────────────────────────────────────┐ 
 └────────────────────────────────────────────────────────────────────────────┘ 
 cr 214/600 (36%)                                                               
                                                                                
                                                                                
 ┌ 30d | ok ──────────────────────────────────────────────────────────────────┐ 
 cr 819/2,0K (41%)                                                              
                                                                                
┌ alerts ──────────────────────────────────────────────────────────────────────┐
└──────────────────────────────────────────────────────────────────────────────┘
┌ agents ──────────────────────────────────────────────────────────────────────┐
└──────────────────────────────────────────────────────────────────────────────┘
? help | 5 trends | q quit | r refresh | 5s/3s
